******************************************************************************
                  TI ARM Linker PC v20.2.7                     
******************************************************************************
>> Linked Sun Apr 28 13:19:16 2024

OUTPUT FILE NAME:   <Delivery.out>
ENTRY POINT SYMBOL: "_c_int00_noargs"  address: 00005f19


MEMORY CONFIGURATION

         name            origin    length      used     unused   attr    fill
----------------------  --------  ---------  --------  --------  ----  --------
  FLASH                 00000000   00040000  000064c5  00039b3b  R  X
  SRAM                  20000000   00008000  00002333  00005ccd  RW X


SEGMENT ALLOCATION MAP

run origin  load origin   length   init length attrs members
----------  ----------- ---------- ----------- ----- -------
00000000    00000000    000064d0   000064d0    r-x
  00000000    00000000    0000026c   0000026c    r-- .intvecs
  0000026c    0000026c    00005ef8   00005ef8    r-x .text
  00006168    00006168    00000301   00000301    r-- .const
  00006470    00006470    00000060   00000060    r-- .cinit
20000000    20000000    00002339   00000000    rw-
  20000000    20000000    0000026c   00000000    rw- .vtable
  20000270    20000270    00001000   00000000    rw- .stack
  20001270    20001270    00001000   00000000    rw- .sysmem
  20002270    20002270    00000072   00000000    rw- .bss
  200022e4    200022e4    00000055   00000000    rw- .data


SECTION ALLOCATION MAP

 output                                  attributes/
section   page    origin      length       input sections
--------  ----  ----------  ----------   ----------------
.intvecs   0    00000000    0000026c     
                  00000000    0000026c     tm4c123gh6pm_startup_ccs.obj (.intvecs)

.text      0    0000026c    00005ef8     
                  0000026c    00000c20     open_interface.obj (.text)
                  00000e8c    00000a4e     rtsv7M4_T_le_v4SPD16_eabi.lib : _printfi.c.obj (.text:__TI_printfi)
                  000018da    00000002                                   : _lock.c.obj (.text:_nop)
                  000018dc    000009d0                                   : e_pow.c.obj (.text:pow)
                  000022ac    000007d0     main.obj (.text)
                  00002a7c    00000738     rtsv7M4_T_le_v4SPD16_eabi.lib : k_rem_pio2.c.obj (.text:__kernel_rem_pio2)
                  000031b4    000005e0                                   : s_sin.c.obj (.text:sin)
                  00003794    00000328     lcd.obj (.text)
                  00003abc    000002b0     ping.obj (.text)
                  00003d6c    00000270     rtsv7M4_T_le_v4SPD16_eabi.lib : _printfi.c.obj (.text:_pconv_a)
                  00003fdc    00000248     Timer.obj (.text)
                  00004224    000001d0     rtsv7M4_T_le_v4SPD16_eabi.lib : _printfi.c.obj (.text:_pconv_g)
                  000043f4    000001b6                                   : fd_add_t2.asm.obj (.text)
                  000045aa    00000002                                   : div0.asm.obj (.text)
                  000045ac    00000174                                   : k_sin.c.obj (.text:__kernel_sin)
                  00004720    00000174     uart.obj (.text)
                  00004894    00000170     rtsv7M4_T_le_v4SPD16_eabi.lib : k_cos.c.obj (.text:__kernel_cos)
                  00004a04    00000158                                   : e_sqrt.c.obj (.text:sqrt)
                  00004b5c    00000148     servo.obj (.text)
                  00004ca4    0000013c     rtsv7M4_T_le_v4SPD16_eabi.lib : _printfi.c.obj (.text:_pconv_e)
                  00004de0    00000136                                   : fd_div_t2.asm.obj (.text)
                  00004f16    00000002     --HOLE-- [fill = 0]
                  00004f18    00000124                                   : _printfi.c.obj (.text:fcvt)
                  0000503c    00000110                                   : s_scalbn.c.obj (.text:scalbn)
                  0000514c    00000100                                   : memory.c.obj (.text:aligned_alloc)
                  0000524c    000000fc     adc.obj (.text)
                  00005348    000000fc     rtsv7M4_T_le_v4SPD16_eabi.lib : fd_mul_t2.asm.obj (.text)
                  00005444    000000f8                                   : s_floor.c.obj (.text:floor)
                  0000553c    000000e4                                   : memory.c.obj (.text:free)
                  00005620    000000b1                                   : _printfi.c.obj (.text:_ltostr)
                  000056d1    00000001     --HOLE-- [fill = 0]
                  000056d2    0000009c                                   : memcpy_t2.asm.obj (.text)
                  0000576e    00000096                                   : ull_div_t2.asm.obj (.text)
                  00005804    00000086                                   : fd_cmp_t2.asm.obj (.text:__aeabi_cdcmple)
                  0000588a    00000086                                   : fd_cmp_t2.asm.obj (.text:__aeabi_cdrcmple)
                  00005910    0000007a                                   : memset_t2.asm.obj (.text)
                  0000598a    00000002     --HOLE-- [fill = 0]
                  0000598c    00000070                                   : memory.c.obj (.text:split)
                  000059fc    0000006e                                   : _printfi.c.obj (.text:_mcpy)
                  00005a6a    0000006e                                   : fd_tos_t2.asm.obj (.text)
                  00005ad8    00000068                                   : copy_decompress_lzss.c.obj (.text:decompress:lzss:__TI_decompress_lzss)
                  00005b40    00000064                                   : s_frexp.c.obj (.text:frexp)
                  00005ba4    00000056                                   : _printfi.c.obj (.text:_pconv_f)
                  00005bfa    00000054                                   : _ltoa.c.obj (.text:__TI_ltoa)
                  00005c4e    00000052                                   : _printfi.c.obj (.text:_ecpy)
                  00005ca0    0000004c                                   : atoi.c.obj (.text:atoi)
                  00005cec    00000048                                   : fd_toi_t2.asm.obj (.text)
                  00005d34    00000044                                   : autoinit.c.obj (.text:__TI_auto_init_nobinit_nopinit:__TI_auto_init_nobinit_nopinit)
                  00005d78    00000040                                   : sprintf.c.obj (.text:sprintf)
                  00005db8    00000040                                   : vsnprintf.c.obj (.text:vsnprintf)
                  00005df8    0000003e                                   : _printfi.c.obj (.text:_fcpy)
                  00005e36    00000002     --HOLE-- [fill = 0]
                  00005e38    0000003c     music.obj (.text)
                  00005e74    00000038     rtsv7M4_T_le_v4SPD16_eabi.lib : memory.c.obj (.text:calloc)
                  00005eac    00000038                                   : fs_tod_t2.asm.obj (.text)
                  00005ee4    00000034     driverlib.lib : interrupt.obj (.text:IntRegister)
                  00005f18    00000034     rtsv7M4_T_le_v4SPD16_eabi.lib : boot_cortex_m.c.obj (.text:_c_int00_noargs:_c_int00_noargs)
                  00005f4c    00000030                                   : vsnprintf.c.obj (.text:_outs)
                  00005f7c    0000002e                                   : i_tofd_t2.asm.obj (.text)
                  00005faa    00000002     --HOLE-- [fill = 0]
                  00005fac    00000028                                   : memory.c.obj (.text:free_list_insert)
                  00005fd4    0000001c                                   : copy_zero_init.c.obj (.text:decompress:ZI:__TI_zero_init_nomemset:__TI_zero_init_nomemset)
                  00005ff0    0000001c                                   : memory.c.obj (.text:free_list_remove)
                  0000600c    0000001c                                   : memccpy.c.obj (.text:memccpy)
                  00006028    0000001a                                   : s_copysign.c.obj (.text:copysign)
                  00006042    00000018                                   : vsnprintf.c.obj (.text:_outc)
                  0000605a    00000018                                   : sprintf.c.obj (.text:_outs)
                  00006072    00000018     open_interface.obj (.text:oi_parseInt)
                  0000608a    00000018     rtsv7M4_T_le_v4SPD16_eabi.lib : strcmp.c.obj (.text:strcmp)
                  000060a2    00000016                                   : strchr.c.obj (.text:strchr)
                  000060b8    00000014                                   : strcpy.c.obj (.text:strcpy)
                  000060cc    00000014                                   : strlen.c.obj (.text:strlen)
                  000060e0    00000012                                   : wcslen.c.obj (.text:wcslen)
                  000060f2    00000010     driverlib.lib : interrupt.obj (.text:IntMasterEnable)
                  00006102    00000010     lcd.obj (.text:lcd_clear)
                  00006112    0000000e     rtsv7M4_T_le_v4SPD16_eabi.lib : copy_decompress_none.c.obj (.text:decompress:none:__TI_decompress_none)
                  00006120    0000000c     driverlib.lib : cpu.obj (.text:CPUcpsie)
                  0000612c    0000000c     tm4c123gh6pm_startup_ccs.obj (.text)
                  00006138    0000000a     rtsv7M4_T_le_v4SPD16_eabi.lib : sprintf.c.obj (.text:_outc)
                  00006142    0000000a     lcd.obj (.text:lcd_home)
                  0000614c    00000008     rtsv7M4_T_le_v4SPD16_eabi.lib : errno.c.obj (.text:__aeabi_errno_addr)
                  00006154    00000008                                   : memory.c.obj (.text:malloc)
                  0000615c    00000004                                   : pre_init.c.obj (.text:_system_pre_init)
                  00006160    00000004                                   : exit.c.obj (.text:abort:abort)

.const     0    00006168    00000301     
                  00006168    00000158     rtsv7M4_T_le_v4SPD16_eabi.lib : k_rem_pio2.c.obj (.const:$O1$$)
                  000062c0    00000101                                   : ctype.c.obj (.const:.string:_ctypes_)
                  000063c1    00000039     main.obj (.const:.string:$P$T0$1)
                  000063fa    00000004     lcd.obj (.const:.string:lineAddress$1)
                  000063fe    00000002     --HOLE-- [fill = 0]
                  00006400    00000030     rtsv7M4_T_le_v4SPD16_eabi.lib : e_pow.c.obj (.const:$O1$$)
                  00006430    00000013     music.obj (.const:.string:$P$T0$1)
                  00006443    00000013     music.obj (.const:.string:$P$T1$2)
                  00006456    0000000f     open_interface.obj (.const:.string:$P$T0$3)
                  00006465    00000004     lcd.obj (.const:.string:lineAddresses$2)

.cinit     0    00006470    00000060     
                  00006470    0000002b     (.cinit..data.load) [load image, compression = lzss]
                  0000649b    00000001     --HOLE-- [fill = 0]
                  0000649c    0000000c     (__TI_handler_table)
                  000064a8    00000008     (.cinit..bss.load) [load image, compression = zero_init]
                  000064b0    00000008     (.cinit..vtable.load) [load image, compression = zero_init]
                  000064b8    00000018     (__TI_cinit_table)

.init_array 
*          0    00000000    00000000     UNINITIALIZED

.vtable    0    20000000    0000026c     UNINITIALIZED
                  20000000    0000026c     driverlib.lib : interrupt.obj (.vtable)

.stack     0    20000270    00001000     UNINITIALIZED
                  20000270    00000004     rtsv7M4_T_le_v4SPD16_eabi.lib : boot_cortex_m.c.obj (.stack)
                  20000274    00000ffc     --HOLE--

.sysmem    0    20001270    00001000     UNINITIALIZED
                  20001270    00000010     rtsv7M4_T_le_v4SPD16_eabi.lib : memory.c.obj (.sysmem)
                  20001280    00000ff0     --HOLE--

.bss       0    20002270    00000072     UNINITIALIZED
                  20002270    00000054     lcd.obj (.bss:lastbuffer$3)
                  200022c4    00000018     open_interface.obj (.bss:firmware$2)
                  200022dc    00000004     (.common:_timeout_ticks)
                  200022e0    00000001     (.common:flag)
                  200022e1    00000001     (.common:uart_data)

.data      0    200022e4    00000055     UNINITIALIZED
                  200022e4    00000020     open_interface.obj (.data)
                  20002304    00000018     ping.obj (.data)
                  2000231c    00000008     rtsv7M4_T_le_v4SPD16_eabi.lib : _lock.c.obj (.data:$O1$$)
                  20002324    00000008                                   : memory.c.obj (.data:$O1$$)
                  2000232c    00000008     main.obj (.data)
                  20002334    00000004     rtsv7M4_T_le_v4SPD16_eabi.lib : errno.c.obj (.data)
                  20002338    00000001     Timer.obj (.data)

__llvm_prf_cnts 
*          0    20000000    00000000     UNINITIALIZED

MODULE SUMMARY

       Module                         code    ro data   rw data
       ------                         ----    -------   -------
    .\
       open_interface.obj             3128    15        56     
       main.obj                       2000    57        10     
       lcd.obj                        834     8         84     
       ping.obj                       688     0         24     
       tm4c123gh6pm_startup_ccs.obj   12      620       0      
       Timer.obj                      584     0         5      
       uart.obj                       372     0         0      
       servo.obj                      328     0         0      
       adc.obj                        252     0         0      
       music.obj                      60      38        0      
    +--+------------------------------+-------+---------+---------+
       Total:                         8258    738       179    
                                                               
    C:/ti/TivaWare_C_Series-2.2.0.295/driverlib/ccs/Debug/driverlib.lib
       interrupt.obj                  68      0         620    
       cpu.obj                        12      0         0      
    +--+------------------------------+-------+---------+---------+
       Total:                         80      0         620    
                                                               
    C:\ti\ccs1230\ccs\tools\compiler\ti-cgt-arm_20.2.7.LTS\lib\rtsv7M4_T_le_v4SPD16_eabi.lib
       _printfi.c.obj                 4851    0         0      
       e_pow.c.obj                    2512    48        0      
       k_rem_pio2.c.obj               1848    344       0      
       s_sin.c.obj                    1504    0         0      
       memory.c.obj                   728     0         8      
       fd_add_t2.asm.obj              438     0         0      
       k_sin.c.obj                    372     0         0      
       k_cos.c.obj                    368     0         0      
       e_sqrt.c.obj                   344     0         0      
       fd_div_t2.asm.obj              310     0         0      
       s_scalbn.c.obj                 272     0         0      
       fd_cmp_t2.asm.obj              268     0         0      
       ctype.c.obj                    0       257       0      
       fd_mul_t2.asm.obj              252     0         0      
       s_floor.c.obj                  248     0         0      
       memcpy_t2.asm.obj              156     0         0      
       ull_div_t2.asm.obj             150     0         0      
       vsnprintf.c.obj                136     0         0      
       memset_t2.asm.obj              122     0         0      
       fd_tos_t2.asm.obj              110     0         0      
       copy_decompress_lzss.c.obj     104     0         0      
       s_frexp.c.obj                  100     0         0      
       sprintf.c.obj                  98      0         0      
       _ltoa.c.obj                    84      0         0      
       atoi.c.obj                     76      0         0      
       fd_toi_t2.asm.obj              72      0         0      
       autoinit.c.obj                 68      0         0      
       fs_tod_t2.asm.obj              56      0         0      
       boot_cortex_m.c.obj            52      0         0      
       i_tofd_t2.asm.obj              46      0         0      
       copy_zero_init.c.obj           28      0         0      
       memccpy.c.obj                  28      0         0      
       s_copysign.c.obj               26      0         0      
       strcmp.c.obj                   24      0         0      
       strchr.c.obj                   22      0         0      
       strcpy.c.obj                   20      0         0      
       strlen.c.obj                   20      0         0      
       wcslen.c.obj                   18      0         0      
       copy_decompress_none.c.obj     14      0         0      
       errno.c.obj                    8       0         4      
       _lock.c.obj                    2       0         8      
       exit.c.obj                     4       0         0      
       pre_init.c.obj                 4       0         0      
       div0.asm.obj                   2       0         0      
    +--+------------------------------+-------+---------+---------+
       Total:                         15965   649       20     
                                                               
       Heap:                          0       0         4096   
       Stack:                         0       0         4096   
       Linker Generated:              0       95        0      
    +--+------------------------------+-------+---------+---------+
       Grand Total:                   24303   1482      9011   


LINKER GENERATED COPY TABLES

__TI_cinit_table @ 000064b8 records: 3, size/record: 8, table size: 24
	.data: load addr=00006470, load size=0000002b bytes, run addr=200022e4, run size=00000055 bytes, compression=lzss
	.bss: load addr=000064a8, load size=00000008 bytes, run addr=20002270, run size=00000072 bytes, compression=zero_init
	.vtable: load addr=000064b0, load size=00000008 bytes, run addr=20000000, run size=0000026c bytes, compression=zero_init


LINKER GENERATED HANDLER TABLE

__TI_handler_table @ 0000649c records: 3, size/record: 4, table size: 12
	index: 0, handler: __TI_zero_init
	index: 1, handler: __TI_decompress_lzss
	index: 2, handler: __TI_decompress_none


GLOBAL SYMBOLS: SORTED ALPHABETICALLY BY Name 

address   name                          
-------   ----                          
00006161  C$$EXIT                       
00006121  CPUcpsie                      
2000230c  END_TIME                      
00000bc3  GPIOF_Handler                 
000060f3  IntMasterEnable               
00005ee5  IntRegister                   
0000612d  ResetISR                      
20002304  START_TIME                    
20002314  STATE                         
00003c07  TIMER3B_Handler               
20001270  __STACK_END                   
00001000  __STACK_SIZE                  
20000470  __STACK_TOP                   
00001000  __SYSMEM_SIZE                 
000064b8  __TI_CINIT_Base               
000064d0  __TI_CINIT_Limit              
0000649c  __TI_Handler_Table_Base       
000064a8  __TI_Handler_Table_Limit      
00005d35  __TI_auto_init_nobinit_nopinit
00005ad9  __TI_decompress_lzss          
00006113  __TI_decompress_none          
00005bfb  __TI_ltoa                     
ffffffff  __TI_pprof_out_hndl           
00000e8d  __TI_printfi                  
ffffffff  __TI_prof_data_size           
ffffffff  __TI_prof_data_start          
00000000  __TI_static_base__            
00005fd5  __TI_zero_init_nomemset       
00005805  __aeabi_cdcmpeq               
00005805  __aeabi_cdcmple               
0000588b  __aeabi_cdrcmple              
00005a6b  __aeabi_d2f                   
00005ced  __aeabi_d2iz                  
000043ff  __aeabi_dadd                  
00004de1  __aeabi_ddiv                  
00005349  __aeabi_dmul                  
000043f5  __aeabi_dsub                  
0000614d  __aeabi_errno_addr            
00005ead  __aeabi_f2d                   
00005f7d  __aeabi_i2d                   
000045ab  __aeabi_idiv0                 
000045ab  __aeabi_ldiv0                 
00005911  __aeabi_memclr                
00005911  __aeabi_memclr4               
00005911  __aeabi_memclr8               
000056d3  __aeabi_memcpy                
000056d3  __aeabi_memcpy4               
000056d3  __aeabi_memcpy8               
00005913  __aeabi_memset                
00005913  __aeabi_memset4               
00005913  __aeabi_memset8               
0000576f  __aeabi_uldivmod              
ffffffff  __binit__                     
ffffffff  __c_args__                    
00004895  __kernel_cos                  
00002a7d  __kernel_rem_pio2             
000045ad  __kernel_sin                  
UNDEFED   __mpu_init                    
20000270  __stack                       
20000000  __start___llvm_prf_cnts       
20000000  __stop___llvm_prf_cnts        
00005f19  _c_int00_noargs               
000062c0  _ctypes_                      
2000231c  _lock                         
000018db  _nop                          
20002338  _running                      
20001270  _sys_memory                   
UNDEFED   _system_post_cinit            
0000615d  _system_pre_init              
200022dc  _timeout_ticks                
20002320  _unlock                       
00006161  abort                         
0000524d  adc_init                      
000052db  adc_read                      
0000514d  aligned_alloc                 
00005ca1  atoi                          
ffffffff  binit                         
00005e75  calloc                        
00006029  copysign                      
00006029  copysignl                     
20002318  counter                       
20002310  delta                         
20002308  edge                          
20002334  errno                         
200022e0  flag                          
00005445  floor                         
00005445  floorl                        
0000553d  free                          
00005b41  frexp                         
00005b41  frexpl                        
20000000  g_pfnRAMVectors               
00000000  g_pfnVectors                  
0000097f  go_charge                     
00006103  lcd_clear                     
00003969  lcd_gotoLine                  
00006143  lcd_home                      
000037d1  lcd_init                      
000039cf  lcd_printf                    
00003891  lcd_putc                      
000038c9  lcd_puts                      
00003795  lcd_reverseNibble             
000038e7  lcd_sendCommand               
00003925  lcd_sendNibble                
00003991  lcd_setCursorPos              
0000503d  ldexp                         
0000503d  ldexpl                        
20002330  left_calibration_val          
00005e39  load_songs                    
000022ad  main                          
00006155  malloc                        
0000514d  memalign                      
0000600d  memccpy                       
000056d3  memcpy                        
00005919  memset                        
200022e4  motor_cal_factor_L            
200022e8  motor_cal_factor_R            
00002795  move_backwards                
0000272d  move_forward                  
0000026d  oi_alloc                      
00000aa9  oi_checkFirmware              
000002c7  oi_close                      
00000279  oi_free                       
00000ded  oi_getMotorCalibrationLeft    
00000e01  oi_getMotorCalibrationRight   
000002b1  oi_init                       
00000289  oi_init_noupdate              
00000915  oi_loadSong                   
00006073  oi_parseInt                   
0000032b  oi_parsePacket                
0000096b  oi_play_song                  
0000084b  oi_setLeds                    
00000db1  oi_setMotorCalibration        
0000088f  oi_setWheels                  
00000b51  oi_shutoff_init               
0000098d  oi_uartInit                   
00000a31  oi_uartReceive                
00000a77  oi_uartSendBuff               
00000a15  oi_uartSendChar               
00000a59  oi_uartSendStr                
000002d9  oi_update                     
00003c47  ping_getDistance              
00003abd  ping_init                     
00003b7f  ping_trigger                  
000018dd  pow                           
000018dd  powl                          
2000232c  right_calibration_val         
0000503d  scalbn                        
0000503d  scalbnl                       
00002841  scan                          
00004b5d  servo_init                    
00004be9  servo_move                    
000031b5  sin                           
000031b5  sinl                          
00005d79  sprintf                       
00004a05  sqrt                          
00004a05  sqrtl                         
000060a3  strchr                        
0000608b  strcmp                        
000060b9  strcpy                        
000060cd  strlen                        
000040fb  timer_getMicros               
000040a3  timer_getMillis               
00003fdd  timer_init                    
0000407f  timer_pause                   
00004091  timer_resume                  
00004055  timer_stop                    
00004155  timer_waitMicros              
00004187  timer_waitMillis              
000025b1  turn_left                     
00002519  turn_right                    
200022e1  uart_data                     
00004721  uart_init                     
0000481d  uart_interrupt_handler        
000047fd  uart_interrupt_init           
000047bd  uart_receive                  
000047a1  uart_sendChar                 
000047df  uart_sendStr                  
00005db9  vsnprintf                     
000060e1  wcslen                        


GLOBAL SYMBOLS: SORTED BY Symbol Address 

address   name                          
-------   ----                          
00000000  __TI_static_base__            
00000000  g_pfnVectors                  
0000026d  oi_alloc                      
00000279  oi_free                       
00000289  oi_init_noupdate              
000002b1  oi_init                       
000002c7  oi_close                      
000002d9  oi_update                     
0000032b  oi_parsePacket                
0000084b  oi_setLeds                    
0000088f  oi_setWheels                  
00000915  oi_loadSong                   
0000096b  oi_play_song                  
0000097f  go_charge                     
0000098d  oi_uartInit                   
00000a15  oi_uartSendChar               
00000a31  oi_uartReceive                
00000a59  oi_uartSendStr                
00000a77  oi_uartSendBuff               
00000aa9  oi_checkFirmware              
00000b51  oi_shutoff_init               
00000bc3  GPIOF_Handler                 
00000db1  oi_setMotorCalibration        
00000ded  oi_getMotorCalibrationLeft    
00000e01  oi_getMotorCalibrationRight   
00000e8d  __TI_printfi                  
00001000  __STACK_SIZE                  
00001000  __SYSMEM_SIZE                 
000018db  _nop                          
000018dd  pow                           
000018dd  powl                          
000022ad  main                          
00002519  turn_right                    
000025b1  turn_left                     
0000272d  move_forward                  
00002795  move_backwards                
00002841  scan                          
00002a7d  __kernel_rem_pio2             
000031b5  sin                           
000031b5  sinl                          
00003795  lcd_reverseNibble             
000037d1  lcd_init                      
00003891  lcd_putc                      
000038c9  lcd_puts                      
000038e7  lcd_sendCommand               
00003925  lcd_sendNibble                
00003969  lcd_gotoLine                  
00003991  lcd_setCursorPos              
000039cf  lcd_printf                    
00003abd  ping_init                     
00003b7f  ping_trigger                  
00003c07  TIMER3B_Handler               
00003c47  ping_getDistance              
00003fdd  timer_init                    
00004055  timer_stop                    
0000407f  timer_pause                   
00004091  timer_resume                  
000040a3  timer_getMillis               
000040fb  timer_getMicros               
00004155  timer_waitMicros              
00004187  timer_waitMillis              
000043f5  __aeabi_dsub                  
000043ff  __aeabi_dadd                  
000045ab  __aeabi_idiv0                 
000045ab  __aeabi_ldiv0                 
000045ad  __kernel_sin                  
00004721  uart_init                     
000047a1  uart_sendChar                 
000047bd  uart_receive                  
000047df  uart_sendStr                  
000047fd  uart_interrupt_init           
0000481d  uart_interrupt_handler        
00004895  __kernel_cos                  
00004a05  sqrt                          
00004a05  sqrtl                         
00004b5d  servo_init                    
00004be9  servo_move                    
00004de1  __aeabi_ddiv                  
0000503d  ldexp                         
0000503d  ldexpl                        
0000503d  scalbn                        
0000503d  scalbnl                       
0000514d  aligned_alloc                 
0000514d  memalign                      
0000524d  adc_init                      
000052db  adc_read                      
00005349  __aeabi_dmul                  
00005445  floor                         
00005445  floorl                        
0000553d  free                          
000056d3  __aeabi_memcpy                
000056d3  __aeabi_memcpy4               
000056d3  __aeabi_memcpy8               
000056d3  memcpy                        
0000576f  __aeabi_uldivmod              
00005805  __aeabi_cdcmpeq               
00005805  __aeabi_cdcmple               
0000588b  __aeabi_cdrcmple              
00005911  __aeabi_memclr                
00005911  __aeabi_memclr4               
00005911  __aeabi_memclr8               
00005913  __aeabi_memset                
00005913  __aeabi_memset4               
00005913  __aeabi_memset8               
00005919  memset                        
00005a6b  __aeabi_d2f                   
00005ad9  __TI_decompress_lzss          
00005b41  frexp                         
00005b41  frexpl                        
00005bfb  __TI_ltoa                     
00005ca1  atoi                          
00005ced  __aeabi_d2iz                  
00005d35  __TI_auto_init_nobinit_nopinit
00005d79  sprintf                       
00005db9  vsnprintf                     
00005e39  load_songs                    
00005e75  calloc                        
00005ead  __aeabi_f2d                   
00005ee5  IntRegister                   
00005f19  _c_int00_noargs               
00005f7d  __aeabi_i2d                   
00005fd5  __TI_zero_init_nomemset       
0000600d  memccpy                       
00006029  copysign                      
00006029  copysignl                     
00006073  oi_parseInt                   
0000608b  strcmp                        
000060a3  strchr                        
000060b9  strcpy                        
000060cd  strlen                        
000060e1  wcslen                        
000060f3  IntMasterEnable               
00006103  lcd_clear                     
00006113  __TI_decompress_none          
00006121  CPUcpsie                      
0000612d  ResetISR                      
00006143  lcd_home                      
0000614d  __aeabi_errno_addr            
00006155  malloc                        
0000615d  _system_pre_init              
00006161  C$$EXIT                       
00006161  abort                         
000062c0  _ctypes_                      
0000649c  __TI_Handler_Table_Base       
000064a8  __TI_Handler_Table_Limit      
000064b8  __TI_CINIT_Base               
000064d0  __TI_CINIT_Limit              
20000000  __start___llvm_prf_cnts       
20000000  __stop___llvm_prf_cnts        
20000000  g_pfnRAMVectors               
20000270  __stack                       
20000470  __STACK_TOP                   
20001270  __STACK_END                   
20001270  _sys_memory                   
200022dc  _timeout_ticks                
200022e0  flag                          
200022e1  uart_data                     
200022e4  motor_cal_factor_L            
200022e8  motor_cal_factor_R            
20002304  START_TIME                    
20002308  edge                          
2000230c  END_TIME                      
20002310  delta                         
20002314  STATE                         
20002318  counter                       
2000231c  _lock                         
20002320  _unlock                       
2000232c  right_calibration_val         
20002330  left_calibration_val          
20002334  errno                         
20002338  _running                      
ffffffff  __TI_pprof_out_hndl           
ffffffff  __TI_prof_data_size           
ffffffff  __TI_prof_data_start          
ffffffff  __binit__                     
ffffffff  __c_args__                    
ffffffff  binit                         
UNDEFED   __mpu_init                    
UNDEFED   _system_post_cinit            

[179 symbols]
